// Jest Snapshot v1, https://goo.gl/fbAQLP

exports[`ViewGeneratedPrompts.vue renders correctly 1`] = `
<div
  class="d-flex flex-column justify-content-center align-items-center"
>
  <div
    class="w-100 text-black"
  >
    
    <div
      class="border-bottom"
    >
      <div
        class="w-100 p-3 text-black"
      >
        <i
          class="bi bi-person-fill me-2"
        />
        <strong>
          User
        </strong>
        <p>
          Test message
        </p>
      </div>
    </div>
    <div
      class="border-bottom"
    >
      <div
        class="w-100 p-3 text-black bg-light"
      >
        <i
          class="bi bi-robot me-2"
        />
        <strong>
          Response
        </strong>
        <p>
          Test response
        </p>
        <i
          class="bi bi-clipboard me-2 copy-icon"
        />
      </div>
    </div>
    
    <div
      class="w-100 text-center text-black"
    >
      <div
        class="spinner-border text-primary mt-2"
        role="status"
      >
        <span
          class="visually-hidden"
        >
          Loading...
        </span>
      </div>
    </div>
  </div>
</div>
`;
