// Jest Snapshot v1, https://goo.gl/fbAQLP

exports[`SendRequestButton.vue renders correctly 1`] = `
<button
  type="button"
>
  Invia
</button>
`;
